---
source: formulator/src/imp/hasher.rs
expression: s
---
Hash values: [
    [ 0x5be76e5a07d86663, 0x5be76e5a07d86663, 0x5be76e5a07d86663, 0x5be76e5a07d86663 ],
    [ 0xae4c00af7fb28e9c, 0xae4c00af7fb28e9c, 0xae4c00af7fb28e9c, 0xae4c00af7fb28e9c ],
    [ 0xffcc7264fa855787, 0xffcc7264fa855787, 0xffcc7264fa855787, 0xffcc7264fa855787 ],
    [ 0x56d73a7ab029dd36, 0x56d73a7ab029dd36, 0x56d73a7ab029dd36, 0x56d73a7ab029dd36 ],
    [ 0xbbe163b5f5c0b78f, 0xbbe163b5f5c0b78f, 0xbbe163b5f5c0b78f, 0xbbe163b5f5c0b78f ],
    [ 0x60d9576bcd3a7776, 0x60d9576bcd3a7776, 0x60d9576bcd3a7776, 0x60d9576bcd3a7776 ],
    [ 0x256ded8e330a158c, 0x256ded8e330a158c, 0x256ded8e330a158c, 0x256ded8e330a158c ],
    [ 0xe598c70d03a01f73, 0xe598c70d03a01f73, 0xe598c70d03a01f73, 0xe598c70d03a01f73 ],
    [ 0x21f0b164a9e28884, 0x21f0b164a9e28884, 0x21f0b164a9e28884, 0x21f0b164a9e28884 ],
    [ 0x8a1f5a12e093ecf8, 0x8a1f5a12e093ecf8, 0x8a1f5a12e093ecf8, 0x8a1f5a12e093ecf8 ],
    [ 0x05f5ded8bd57dd11, 0x05f5ded8bd57dd11, 0x05f5ded8bd57dd11, 0x05f5ded8bd57dd11 ],
    [ 0x723c7ea7144dcde0, 0x723c7ea7144dcde0, 0x723c7ea7144dcde0, 0x723c7ea7144dcde0 ],
    [ 0x8a1265e1b9f503f9, 0x8a1265e1b9f503f9, 0x8a1265e1b9f503f9, 0x8a1265e1b9f503f9 ],
    [ 0xd6f4083ff1c00663, 0xd6f4083ff1c00663, 0xd6f4083ff1c00663, 0xd6f4083ff1c00663 ],
    [ 0xb8783f70c018c27f, 0xb8783f70c018c27f, 0xb8783f70c018c27f, 0xb8783f70c018c27f ],
]
