---
source: formulator/src/imp/domain.rs
expression: domain
---
Domain {
    a
}
